map[string]string{
	"aws:apigateway/authorizer:Authorizer":                           "api/auth",
	"aws:apigateway/deployment:Deployment":                           "api/dep",
	"aws:apigateway/deployment:Deployment (native)":                  "dep|api",
	"aws:apigateway/method:Method":                                   "api/res/GET",
	"aws:apigateway/resource:Resource":                               "api/res",
	"aws:apigateway/resource:Resource (native)":                      "api|res",
	"aws:apigateway/stage:Stage":                                     "api/prod",
	"aws:apigateway/usagePlanKey:UsagePlanKey":                       "up/key",
	"aws:appautoscaling/policy:Policy":                               "cpu/dim/svc/rid",
	"aws:appautoscaling/target:Target":                               "dim/svc/rid",
	"aws:cloudwatch/eventBus:EventBus":                               "bus",
	"aws:cloudwatch/eventRule:EventRule":                             "rule",
	"aws:cloudwatch/logGroup:LogGroup":                               "/aws/lambda/fn",
	"aws:cloudwatch/metricAlarm:MetricAlarm":                         "cpu-high",
	"aws:cognito/userPoolClient:UserPoolClient":                      "pool/client",
	"aws:ec2/route:Route":                                            "rtb_10.0.0.0/16",
	"aws:ec2/routeTableAssociation:RouteTableAssociation":            "sub/rtb",
	"aws:ec2/volumeAttachment:VolumeAttachment":                      "/dev/sdh:vol-1:i-1",
	"aws:ecs/service:Service":                                        "svc",
	"aws:lambda/functionEventInvokeConfig:FunctionEventInvokeConfig": "fn:1",
	"aws:lambda/layerVersionPermission:LayerVersionPermission":       "arn:l:1,2",
	"aws:lambda/permission:Permission":                               "fn/stmt",
	"aws:lb/listenerCertificate:ListenerCertificate":                 "lsnr_cert",
	"aws:route53/record:Record":                                      "Z1_a.example.com_A",
	"aws:s3/bucketPolicy:BucketPolicy":                               "bkt",
	"aws:sqs/queuePolicy:QueuePolicy":                                "q-url",
	"aws:transfer/server:Server":                                     "s-1",
	"aws:transfer/user:User":                                         "s/u",
}
